// Jest Snapshot v1, https://goo.gl/fbAQLP

exports[`<Paragraph /> rendered correctly with Loading fixture 1`] = `
<Paragraph>
  <div>
    <LoadingStrip
      className="loading"
    />
    <LoadingStrip
      className="loading"
    />
    <LoadingStrip
      className="loading"
    />
  </div>
</Paragraph>
`;
