// Jest Snapshot v1, https://goo.gl/fbAQLP

exports[`<InlineSelector /> rendered correctly with fixture 1`] = `
<InlineSelector
  onChange={[Function]}
  options={
    Array [
      Object {
        "label": "Any",
        "value": "1 ",
      },
      Object {
        "label": "AM",
        "value": "2",
      },
      Object {
        "label": "PM",
        "value": "3",
      },
      Object {
        "label": "After Hours",
        "value": "4",
      },
    ]
  }
  vertical={false}
>
  <div
    className=""
  >
    <div>
      <div
        className=""
        key="0"
        onClick={[Function]}
      >
        Any
      </div>
      <div
        className=""
        key="1"
        onClick={[Function]}
      >
        AM
      </div>
      <div
        className=""
        key="2"
        onClick={[Function]}
      >
        PM
      </div>
      <div
        className=""
        key="3"
        onClick={[Function]}
      >
        After Hours
      </div>
    </div>
  </div>
</InlineSelector>
`;
