// Jest Snapshot v1, https://goo.gl/fbAQLP

exports[`<Input /> rendered correctly with fixture 1`] = `
<Input
  buttonLabel="Enter"
  onChange={[Function]}
  onClick={[Function]}
  placeholder="Input text here ..."
>
  <styled.div
    className="input-group"
  >
    <div
      className="input-group sc-bdVaJa bjUrFO"
    >
      <input
        className="form-control"
        onChange={[Function]}
        placeholder="Input text here ..."
        type="text"
      />
      <span
        className="input-group-btn"
      >
        <button
          className="btn search-btn"
          onClick={[Function]}
          type="button"
        >
          Enter
        </button>
      </span>
    </div>
  </styled.div>
</Input>
`;
