// Jest Snapshot v1, https://goo.gl/fbAQLP

exports[`<TextField /> rendered correctly with fixture 1`] = `
<TextField
  description="Optional descriptive label"
  disabled={false}
  id="demo"
  inline={false}
  label="First Name"
  marker={false}
  name="demo"
  onBlur={[Function]}
  onChange={[Function]}
  onFocus={[Function]}
  validateFunc={[Function]}
  value=""
>
  <div
    className=""
  >
    <div>
      <label
        className=""
        htmlFor="demo"
      >
        First Name
      </label>
      <input
        disabled={false}
        id="demo"
        name="demo"
        onBlur={[Function]}
        onChange={[Function]}
        onFocus={[Function]}
        value=""
      />
    </div>
    <label
      htmlFor="demo"
    >
      Optional descriptive label
    </label>
  </div>
</TextField>
`;
