// Jest Snapshot v1, https://goo.gl/fbAQLP

exports[`<TextField /> rendered correctly with VerifiedStatus fixture 1`] = `
<TextField
  disabled={false}
  id="demo"
  inline={false}
  isValid={true}
  isVerified={false}
  label="Mobile"
  marker="verify"
  markerTooltip={null}
  name="demo"
  onBlur={[Function]}
  onChange={[Function]}
  onFocus={[Function]}
  onMarkerClick={[Function]}
  value=""
>
  <div
    className="outer hasMarker"
  >
    <div
      className="block"
    >
      <input
        className="input"
        disabled={false}
        id="demo"
        name="demo"
        onBlur={[Function]}
        onChange={[Function]}
        onFocus={[Function]}
        type="text"
        value=""
      />
      <div
        className="helper"
      >
        <div
          className="verifiedTag unVerified"
          onClick={[Function]}
        >
          Verify
        </div>
      </div>
      <label
        className="label"
        htmlFor="demo"
      >
        Mobile
      </label>
    </div>
  </div>
</TextField>
`;
