// Jest Snapshot v1, https://goo.gl/fbAQLP

exports[`<onClickOutside /> rendered correctly with LessThanTwo fixture 1`] = `
<OnClickOutside(ActionSet)
  eventTypes={
    Array [
      "mousedown",
      "touchstart",
    ]
  }
  excludeScrollbar={false}
  outsideClickIgnoreClass="ignore-react-onclickoutside"
  preventDefault={false}
  stopPropagation={false}
>
  <ActionSet
    className=""
    disableOnClickOutside={[Function]}
    enableOnClickOutside={[Function]}
    eventTypes={
      Array [
        "mousedown",
        "touchstart",
      ]
    }
    expanded={false}
    outsideClickIgnoreClass="ignore-react-onclickoutside"
    preventDefault={false}
    stopPropagation={false}
  >
    <div
      className="outer"
      onMouseEnter={[Function]}
      onMouseLeave={[Function]}
    >
      <div
        className="actions"
      >
        <div
          className="action"
          key="0"
          onClick={[Function]}
        >
          <ActionIcon
            className=""
            color="red"
            disabled={false}
            icon="Delete"
            onClick={[Function]}
            title="Delete"
          >
            <button
              className="button red"
              onClick={[Function]}
              title="Delete"
              type="button"
            >
              <Icon
                className="icon"
                name="Delete"
              >
                <Delete
                  className="icon icon"
                >
                  <svg
                    className="icon icon"
                    version="1.1"
                    viewBox="0 0 24 24"
                    xmlns="http://www.w3.org/2000/svg"
                  >
                    <g
                      transform="translate(2.000000, 2.000000)"
                    >
                      <path
                        d="M5.5,3.5 L5.5,1 C5.5,0.44771525 5.94771525,0 6.5,0 L13.5,0 C14.0522847,0 14.5,0.44771525 14.5,1 L14.5,3.5 L19,3.5 C19.5522847,3.5 20,3.94771525 20,4.5 C20,5.05228475 19.5522847,5.5 19,5.5 L17.5,5.5 L17.5,19.5 C17.5,20.0522847 17.0522847,20.5 16.5,20.5 L3.5,20.5 C2.94771525,20.5 2.5,20.0522847 2.5,19.5 L2.5,5.5 L1,5.5 C0.44771525,5.5 0,5.05228475 0,4.5 C0,3.94771525 0.44771525,3.5 1,3.5 L5.5,3.5 Z M13.5,5.5 L6.5,5.5 L4.5,5.5 L4.5,18.5 L15.5,18.5 L15.5,5.5 L13.5,5.5 Z M9,9 C9,8.44771525 9.44771525,8 10,8 C10.5522847,8 11,8.44771525 11,9 L11,14 C11,14.5522847 10.5522847,15 10,15 C9.44771525,15 9,14.5522847 9,14 L9,9 Z M6,9 C6,8.44771525 6.44771525,8 7,8 C7.55228475,8 8,8.44771525 8,9 L8,14 C8,14.5522847 7.55228475,15 7,15 C6.44771525,15 6,14.5522847 6,14 L6,9 Z M12,9 C12,8.44771525 12.4477153,8 13,8 C13.5522847,8 14,8.44771525 14,9 L14,14 C14,14.5522847 13.5522847,15 13,15 C12.4477153,15 12,14.5522847 12,14 L12,9 Z M7.5,3.5 L12.5,3.5 L12.5,2 L7.5,2 L7.5,3.5 Z"
                      />
                    </g>
                  </svg>
                </Delete>
              </Icon>
            </button>
          </ActionIcon>
        </div>
        <div
          className="action"
          key="1"
          onClick={[Function]}
        >
          <ActionIcon
            className=""
            color="teal"
            disabled={false}
            icon="Edit"
            onClick={[Function]}
            title="Edit"
          >
            <button
              className="button teal"
              onClick={[Function]}
              title="Edit"
              type="button"
            >
              <Icon
                className="icon"
                name="Edit"
              >
                <Edit
                  className="icon icon"
                >
                  <svg
                    className="icon icon"
                    version="1.1"
                    viewBox="0 0 24 24"
                    xmlns="http://www.w3.org/2000/svg"
                  >
                    <g
                      transform="translate(2.000000, 2.000000)"
                    >
                      <path
                        d="M15.5,8.08578644 L17.0857864,6.5 L13.5,2.91421356 L11.9142136,4.5 L15.5,8.08578644 Z M14.0857864,9.5 L10.5,5.91421356 L2.5,13.9142136 L2.5,17.5 L6.08578644,17.5 L14.0857864,9.5 Z M6.5,19.5 L1.5,19.5 C0.94771525,19.5 0.5,19.0522847 0.5,18.5 L0.5,13.5 C0.5,13.2347835 0.60535684,12.9804296 0.792893219,12.7928932 L12.7928932,0.792893219 C13.1834175,0.402368927 13.8165825,0.402368927 14.2071068,0.792893219 L19.2071068,5.79289322 C19.5976311,6.18341751 19.5976311,6.81658249 19.2071068,7.20710678 L7.20710678,19.2071068 C7.0195704,19.3946432 6.76521649,19.5 6.5,19.5 Z"
                      />
                    </g>
                  </svg>
                </Edit>
              </Icon>
            </button>
          </ActionIcon>
        </div>
      </div>
    </div>
  </ActionSet>
</OnClickOutside(ActionSet)>
`;
