// Jest Snapshot v1, https://goo.gl/fbAQLP

exports[`<Notification /> rendered correctly with ConfirmationClose fixture 1`] = `
<Notification
  canClose={true}
  closed={false}
  onClose={[Function]}
  type="confirmation"
>
  <div
    className="notification confirmation"
  >
    <Tick
      className="icon confirmation"
      fill="currentColor"
      height={32}
      width={32}
    />
    <div
      className="message"
    >
      Confirmation text. Quis autem vel eum iure reprehenderit qui in ea voluptate velit esse quam nihil molestiae consequatur.
    </div>
    <Cross
      className="closeIcon confirmation"
      fill="currentColor"
      height={32}
      onClick={[Function]}
      width={32}
    />
  </div>
</Notification>
`;
