// Jest Snapshot v1, https://goo.gl/fbAQLP

exports[`<Notification /> rendered correctly with ConfirmationClose fixture 1`] = `
<Notification
  canClose={true}
  closed={false}
  onClose={[Function]}
  type="confirmation"
>
  <div
    className="notification confirmation"
  >
    <Tick
      className="icon confirmation"
      fill="currentColor"
      height={32}
      width={32}
    >
      <svg
        className="icon confirmation"
        fill="currentColor"
        height={32}
        viewBox="0 0 24 24"
        width={32}
      >
        <path
          d="M17.207 7.707a1 1 0 0 1 1.415 1.414l-7.998 8.003a1 1 0 0 1-1.414 0l-4.003-4.003a1 1 0 1 1 1.414-1.414l3.296 3.296 7.29-7.296z"
        />
      </svg>
    </Tick>
    <div
      className="message"
    >
      Confirmation text. Quis autem vel eum iure reprehenderit qui in ea voluptate velit esse quam nihil molestiae consequatur.
    </div>
    <Cross
      className="closeIcon confirmation"
      fill="currentColor"
      height={32}
      onClick={[Function]}
      width={32}
    >
      <svg
        className="closeIcon confirmation"
        fill="currentColor"
        height={32}
        onClick={[Function]}
        viewBox="0 0 24 24"
        width={32}
      >
        <path
          d="M12 10.586l3.293-3.293a1 1 0 1 1 1.414 1.414L13.414 12l3.293 3.293a1 1 0 1 1-1.414 1.414L12 13.414l-3.293 3.293a1 1 0 1 1-1.414-1.414L10.586 12 7.293 8.707a1 1 0 1 1 1.414-1.414L12 10.586z"
        />
      </svg>
    </Cross>
  </div>
</Notification>
`;
