// Jest Snapshot v1, https://goo.gl/fbAQLP

exports[`<Notification /> rendered correctly with WarningClose fixture 1`] = `
<Notification
  canClose={true}
  closed={false}
  onClose={[Function]}
  type="warning"
>
  <div
    className="notification warning"
  >
    <Alert
      className="icon warning"
      fill="currentColor"
      height={32}
      width={32}
    />
    <div
      className="message"
    >
      Warning text. Quis autem vel eum iure reprehenderit qui in ea voluptate velit esse quam nihil molestiae consequatur.
    </div>
    <Cross
      className="closeIcon warning"
      fill="currentColor"
      height={32}
      onClick={[Function]}
      width={32}
    />
  </div>
</Notification>
`;
