// Jest Snapshot v1, https://goo.gl/fbAQLP

exports[`<Label /> rendered correctly with Loading fixture 1`] = `
<Label
  error={false}
  htmlFor="demo"
>
  <div
    className="label"
  >
    <LoadingStrip
      className="loading"
    >
      <div
        className="outer loading"
      >
        <div
          className="inner"
        />
      </div>
    </LoadingStrip>
  </div>
</Label>
`;
