// Jest Snapshot v1, https://goo.gl/fbAQLP

exports[`<Button /> rendered correctly with fixture 1`] = `
<Button
  color="green"
  disabled={false}
  lg={true}
  submit={false}
>
  <styled.button
    className="btn btn-lg btn-green"
    disabled={false}
    type="button"
  >
    <button
      className="btn btn-lg btn-green sc-bdVaJa kQzyEi"
      disabled={false}
      type="button"
    >
      <div>
         Button
      </div>
    </button>
  </styled.button>
</Button>
`;
