// Jest Snapshot v1, https://goo.gl/fbAQLP

exports[`<FormSection /> rendered correctly with Default fixture 1`] = `
<FormSection
  description="This generally provides some further explanation about what the user can / should do."
  heading="Section Heading"
>
  <div
    className="outer"
  >
    <div
      className="left"
    >
      <Heading
        h1={false}
        h2={false}
        h3={true}
        h4={false}
        nav={false}
      >
        <h3
          className="heading h3"
        >
          Section Heading
        </h3>
      </Heading>
      <Paragraph>
        <p
          className="paragraph"
        >
          This generally provides some further explanation about what the user can / should do.
        </p>
      </Paragraph>
    </div>
    <div
      className="right"
    >
      <Radio
        error=""
        id="demo"
        inline={false}
        label="Run for how long?"
        name="demo"
        onChange={[Function]}
        options={
          Array [
            Object {
              "label": "Indefinitely",
              "value": "false",
            },
            Object {
              "child": <SingleDatePicker
                anchorDirection="left"
                disabled={false}
                displayFormat="DD/MM/YYYY"
                id="demo2"
                inline={false}
                large={false}
                onBlur={[Function]}
                onChange={[Function]}
                onFocus={[Function]}
                placeholder="Date"
                readOnly={false}
              />,
              "label": "Specific date...",
              "showChild": false,
              "value": "true",
            },
          ]
        }
        value="false"
      />
    </div>
  </div>
</FormSection>
`;
