// Jest Snapshot v1, https://goo.gl/fbAQLP

exports[`<FormSection /> rendered correctly with Loading fixture 1`] = `
<FormSection
  description=""
  heading=""
>
  <div
    className="outer"
  >
    <div
      className="left"
    >
      <Heading
        h1={false}
        h2={false}
        h3={true}
        h4={false}
        nav={false}
      />
      <Paragraph />
    </div>
    <div
      className="right"
    >
      <LoadingSpinner
        className="spinner"
        color="teal"
        fidget={false}
        ringColor="grey"
      />
    </div>
  </div>
</FormSection>
`;
