// Jest Snapshot v1, https://goo.gl/fbAQLP

exports[`<Table /> rendered correctly with Inactive fixture 1`] = `
<Table
  body={
    Array [
      Object {
        "content": Array [
          "Barry Fullerman",
          "Chiropractor",
          "23/11/1991",
          "Active",
        ],
      },
      Object {
        "content": Array [
          "Tom Ackerman",
          "Psychologist",
          "05/04/1975",
          "Active",
        ],
      },
      Object {
        "content": Array [
          "???",
          "???",
          "23/06/1021",
          "Immortal",
        ],
        "inactive": true,
      },
      Object {
        "content": Array [
          "Mary Tillerman",
          "General Practitioner",
          "15/09/1984",
          "Inactive",
        ],
        "inactive": true,
      },
      Object {
        "content": Array [
          "Nick Wickerman",
          "Investigative Journalist",
          "02/08/1987",
          "Bees",
        ],
      },
    ]
  }
  columns={
    Array [
      Object {
        "title": "Name",
      },
      Object {
        "title": "Specialty",
      },
      Object {
        "title": "Date of Birth",
        "width": "narrow",
      },
      Object {
        "title": "Status",
        "width": "extraNarrow",
      },
    ]
  }
>
  <div
    className="table"
  >
    <div
      className="header"
    >
      <div
        className="heading"
        key="Name"
        onClick={[Function]}
      >
        <span
          className="title"
        >
          Name
        </span>
      </div>
      <div
        className="heading"
        key="Specialty"
        onClick={[Function]}
      >
        <span
          className="title"
        >
          Specialty
        </span>
      </div>
      <div
        className="heading narrow"
        key="Date of Birth"
        onClick={[Function]}
      >
        <span
          className="title"
        >
          Date of Birth
        </span>
      </div>
      <div
        className="heading extraNarrow"
        key="Status"
        onClick={[Function]}
      >
        <span
          className="title"
        >
          Status
        </span>
      </div>
    </div>
    <div
      className="body"
    >
      <div
        className="row"
        key="0"
        onClick={[Function]}
      >
        <div
          className="cell"
          key="0"
        >
          Barry Fullerman
        </div>
        <div
          className="cell"
          key="1"
        >
          Chiropractor
        </div>
        <div
          className="cell narrow"
          key="2"
        >
          23/11/1991
        </div>
        <div
          className="cell extraNarrow"
          key="3"
        >
          Active
        </div>
      </div>
      <div
        className="row"
        key="1"
        onClick={[Function]}
      >
        <div
          className="cell"
          key="0"
        >
          Tom Ackerman
        </div>
        <div
          className="cell"
          key="1"
        >
          Psychologist
        </div>
        <div
          className="cell narrow"
          key="2"
        >
          05/04/1975
        </div>
        <div
          className="cell extraNarrow"
          key="3"
        >
          Active
        </div>
      </div>
      <div
        className="row inactive"
        key="2"
        onClick={[Function]}
      >
        <div
          className="cell"
          key="0"
        >
          ???
        </div>
        <div
          className="cell"
          key="1"
        >
          ???
        </div>
        <div
          className="cell narrow"
          key="2"
        >
          23/06/1021
        </div>
        <div
          className="cell extraNarrow"
          key="3"
        >
          Immortal
        </div>
      </div>
      <div
        className="row inactive"
        key="3"
        onClick={[Function]}
      >
        <div
          className="cell"
          key="0"
        >
          Mary Tillerman
        </div>
        <div
          className="cell"
          key="1"
        >
          General Practitioner
        </div>
        <div
          className="cell narrow"
          key="2"
        >
          15/09/1984
        </div>
        <div
          className="cell extraNarrow"
          key="3"
        >
          Inactive
        </div>
      </div>
      <div
        className="row"
        key="4"
        onClick={[Function]}
      >
        <div
          className="cell"
          key="0"
        >
          Nick Wickerman
        </div>
        <div
          className="cell"
          key="1"
        >
          Investigative Journalist
        </div>
        <div
          className="cell narrow"
          key="2"
        >
          02/08/1987
        </div>
        <div
          className="cell extraNarrow"
          key="3"
        >
          Bees
        </div>
      </div>
    </div>
  </div>
</Table>
`;
