// Jest Snapshot v1, https://goo.gl/fbAQLP

exports[`<Table /> rendered correctly with LoadingColumns fixture 1`] = `
<Table
  body={Array []}
  columns={Array []}
>
  <div
    className="table"
  >
    <div
      className="header"
    >
      <div
        className="heading narrow"
        key="narrow"
      >
        <LoadingStrip />
      </div>
      <div
        className="heading wide"
        key="wide"
      >
        <LoadingStrip />
      </div>
      <div
        className="heading extraNarrow"
        key="extraNarrow"
      >
        <LoadingStrip />
      </div>
    </div>
    <div
      className="body"
    >
      <LoadingSpinner
        className="bodyLoading"
        color="teal"
        fidget={false}
        ringColor="grey"
      />
    </div>
  </div>
</Table>
`;
