// Jest Snapshot v1, https://goo.gl/fbAQLP

exports[`<Button /> rendered correctly with fixture 1`] = `
<Button
  color="teal"
  disabled={false}
  icon=""
  keyline={false}
  link={false}
  onClick={[Function]}
  squared={false}
  submit={false}
>
  <button
    className=""
    onClick={[Function]}
    type="button"
  >
    Button
  </button>
</Button>
`;
