// Jest Snapshot v1, https://goo.gl/fbAQLP

exports[`<Button /> rendered correctly with small fixture 1`] = `
<Button
  color="teal"
  disabled={false}
  done={false}
  icon=""
  keyline={false}
  link={false}
  onClick={[Function]}
  small={true}
  squared={false}
  submit={false}
  submitting={false}
>
  <div
    className="buttonContainer small"
  >
    <button
      className="button teal"
      onClick={[Function]}
      type="button"
    >
      <div
        className="content"
      >
        Button
      </div>
    </button>
  </div>
</Button>
`;
