// Jest Snapshot v1, https://goo.gl/fbAQLP

exports[`<Button /> rendered correctly with style fixture 1`] = `
<Button
  color="teal"
  disabled={false}
  icon=""
  keyline={false}
  link={false}
  newWindow={false}
  onClick={[Function]}
  squared={false}
  style={
    Object {
      "float": "right",
      "height": "200px",
      "margin": "20px",
      "width": "400px",
    }
  }
  submit={false}
  withRouter={false}
>
  <div
    className="buttonContainer"
    style={
      Object {
        "float": "right",
        "height": "200px",
        "margin": "20px",
        "width": "400px",
      }
    }
  >
    <InnerButton
      className="button teal"
      newWindow={false}
      onClick={[Function]}
      submit={false}
      withRouter={false}
    >
      <button
        className="button teal"
        onClick={[Function]}
        type="button"
      >
        <div
          className="content"
        >
          Button
        </div>
      </button>
    </InnerButton>
  </div>
</Button>
`;
