// Jest Snapshot v1, https://goo.gl/fbAQLP

exports[`<CheckBox /> rendered correctly with Value fixture 1`] = `
<CheckBox
  checked={false}
  disabled={false}
  error=""
  id="demo"
  label="Label"
  name="demo"
  onChange={[Function]}
  special={false}
  value={true}
>
  <div
    checked={false}
    className="outer"
    error=""
    id="demo"
    name="demo"
  >
    <label
      className="label"
      htmlFor="demo"
      onClick={[Function]}
    >
      <CheckBoxUnchecked
        className="checkbox empty"
        fill="currentColor"
        height={32}
        name="CheckBoxUnchecked"
        width={32}
      />
      <CheckBoxChecked
        className="checkbox full checked"
        fill="currentColor"
        height={32}
        name="CheckBoxChecked"
        width={32}
      />
      <span
        className="text"
      >
        Label
      </span>
    </label>
  </div>
</CheckBox>
`;
