// Jest Snapshot v1, https://goo.gl/fbAQLP

exports[`<PromoDemo /> rendered correctly with a fixture 1`] = `
<PromoDemo>
  <div
    style={
      Object {
        "backgroundColor": "#F5F7F8",
      }
    }
  >
    <Banner
      title="Product Name"
    >
      <div
        className="outer"
      >
        <h1
          className="title"
        >
          Product Name
        </h1>
        <div
          className="content"
        >
          <p>
            This is a paragraph of text made to emulate a quick description of the item being promoted.
          </p>
          <Button
            buttonProps={Object {}}
            color="teal"
            disabled={false}
            icon=""
            keyline={false}
            large={true}
            link={false}
            newWindow={false}
            onClick={[Function]}
            squared={false}
            submit={false}
            withRouter={false}
          >
            <div
              className="buttonContainer large"
            >
              <InnerButton
                buttonProps={Object {}}
                className="button teal"
                newWindow={false}
                onClick={[Function]}
                submit={false}
                withRouter={false}
              >
                <button
                  className="button teal"
                  onClick={[Function]}
                  type="button"
                >
                  <div
                    className="content"
                  >
                    Activate now
                  </div>
                </button>
              </InnerButton>
            </div>
          </Button>
          <Button
            buttonProps={Object {}}
            color="white"
            disabled={false}
            icon=""
            keyline={true}
            large={true}
            link={false}
            newWindow={false}
            onClick={[Function]}
            squared={false}
            submit={false}
            withRouter={false}
          >
            <div
              className="buttonContainer large"
            >
              <InnerButton
                buttonProps={Object {}}
                className="button white keyline"
                newWindow={false}
                onClick={[Function]}
                submit={false}
                withRouter={false}
              >
                <button
                  className="button white keyline"
                  onClick={[Function]}
                  type="button"
                >
                  <div
                    className="content"
                  >
                    Find out more
                  </div>
                </button>
              </InnerButton>
            </div>
          </Button>
        </div>
      </div>
    </Banner>
    <Section
      white={false}
    >
      <div
        className="outer"
      >
        <div
          className="inner"
        >
          <Highlight
            image={
              Object {
                "alt": "A bandage.",
                "src": "http://res.publicdomainfiles.com/pdf_view/2/13491430814060.png",
              }
            }
          >
            <div
              className="outer"
            >
              <div
                className="imageWrapper"
              >
                <img
                  alt="A bandage."
                  className="image"
                  src="http://res.publicdomainfiles.com/pdf_view/2/13491430814060.png"
                />
              </div>
              <div
                className="description"
              >
                <p>
                  What a great description of 
                  <em>
                    this product
                  </em>
                  . This is a paragraph of text made to emulate a more detailed description of the item being promoted.
                </p>
                <p>
                  It is just so versatile!
                </p>
                <p>
                  What a great description of this product. This is a paragraph of text made to emulate a more detailed description of the item being promoted. It is really good if you take the time to check it out.
                </p>
              </div>
            </div>
          </Highlight>
          <h2>
            Sweet benefits
          </h2>
          <BenefitList>
            <div
              className="outer"
            >
              <BenefitItem>
                <div
                  className="outer"
                >
                  <Tick
                    className="tick"
                    fill="currentColor"
                    height={32}
                    width={32}
                  >
                    <svg
                      className="tick"
                      fill="currentColor"
                      height={32}
                      viewBox="0 0 24 24"
                      width={32}
                    >
                      <path
                        d="M17.207 7.707a1 1 0 0 1 1.415 1.414l-7.998 8.003a1 1 0 0 1-1.414 0l-4.003-4.003a1 1 0 1 1 1.414-1.414l3.296 3.296 7.29-7.296z"
                      />
                    </svg>
                  </Tick>
                  <div
                    className="content"
                  >
                    <em>
                      Really good for this
                    </em>
                     in some truly amazing ways
                  </div>
                </div>
              </BenefitItem>
              <BenefitItem>
                <div
                  className="outer"
                >
                  <Tick
                    className="tick"
                    fill="currentColor"
                    height={32}
                    width={32}
                  >
                    <svg
                      className="tick"
                      fill="currentColor"
                      height={32}
                      viewBox="0 0 24 24"
                      width={32}
                    >
                      <path
                        d="M17.207 7.707a1 1 0 0 1 1.415 1.414l-7.998 8.003a1 1 0 0 1-1.414 0l-4.003-4.003a1 1 0 1 1 1.414-1.414l3.296 3.296 7.29-7.296z"
                      />
                    </svg>
                  </Tick>
                  <div
                    className="content"
                  >
                    <em>
                      Really good for this
                    </em>
                     in some truly amazing ways
                  </div>
                </div>
              </BenefitItem>
              <BenefitItem>
                <div
                  className="outer"
                >
                  <Tick
                    className="tick"
                    fill="currentColor"
                    height={32}
                    width={32}
                  >
                    <svg
                      className="tick"
                      fill="currentColor"
                      height={32}
                      viewBox="0 0 24 24"
                      width={32}
                    >
                      <path
                        d="M17.207 7.707a1 1 0 0 1 1.415 1.414l-7.998 8.003a1 1 0 0 1-1.414 0l-4.003-4.003a1 1 0 1 1 1.414-1.414l3.296 3.296 7.29-7.296z"
                      />
                    </svg>
                  </Tick>
                  <div
                    className="content"
                  >
                    <em>
                      Really good for this
                    </em>
                     in some truly amazing ways
                  </div>
                </div>
              </BenefitItem>
              <BenefitItem>
                <div
                  className="outer"
                >
                  <Tick
                    className="tick"
                    fill="currentColor"
                    height={32}
                    width={32}
                  >
                    <svg
                      className="tick"
                      fill="currentColor"
                      height={32}
                      viewBox="0 0 24 24"
                      width={32}
                    >
                      <path
                        d="M17.207 7.707a1 1 0 0 1 1.415 1.414l-7.998 8.003a1 1 0 0 1-1.414 0l-4.003-4.003a1 1 0 1 1 1.414-1.414l3.296 3.296 7.29-7.296z"
                      />
                    </svg>
                  </Tick>
                  <div
                    className="content"
                  >
                    <em>
                      Really good for this
                    </em>
                     in some truly amazing ways
                  </div>
                </div>
              </BenefitItem>
              <BenefitItem>
                <div
                  className="outer"
                >
                  <Tick
                    className="tick"
                    fill="currentColor"
                    height={32}
                    width={32}
                  >
                    <svg
                      className="tick"
                      fill="currentColor"
                      height={32}
                      viewBox="0 0 24 24"
                      width={32}
                    >
                      <path
                        d="M17.207 7.707a1 1 0 0 1 1.415 1.414l-7.998 8.003a1 1 0 0 1-1.414 0l-4.003-4.003a1 1 0 1 1 1.414-1.414l3.296 3.296 7.29-7.296z"
                      />
                    </svg>
                  </Tick>
                  <div
                    className="content"
                  >
                    <em>
                      Really good for this
                    </em>
                     in some truly amazing ways
                  </div>
                </div>
              </BenefitItem>
              <BenefitItem>
                <div
                  className="outer"
                >
                  <Tick
                    className="tick"
                    fill="currentColor"
                    height={32}
                    width={32}
                  >
                    <svg
                      className="tick"
                      fill="currentColor"
                      height={32}
                      viewBox="0 0 24 24"
                      width={32}
                    >
                      <path
                        d="M17.207 7.707a1 1 0 0 1 1.415 1.414l-7.998 8.003a1 1 0 0 1-1.414 0l-4.003-4.003a1 1 0 1 1 1.414-1.414l3.296 3.296 7.29-7.296z"
                      />
                    </svg>
                  </Tick>
                  <div
                    className="content"
                  >
                    <em>
                      Really good for this
                    </em>
                     in some truly amazing ways
                  </div>
                </div>
              </BenefitItem>
              <BenefitItem>
                <div
                  className="outer"
                >
                  <Tick
                    className="tick"
                    fill="currentColor"
                    height={32}
                    width={32}
                  >
                    <svg
                      className="tick"
                      fill="currentColor"
                      height={32}
                      viewBox="0 0 24 24"
                      width={32}
                    >
                      <path
                        d="M17.207 7.707a1 1 0 0 1 1.415 1.414l-7.998 8.003a1 1 0 0 1-1.414 0l-4.003-4.003a1 1 0 1 1 1.414-1.414l3.296 3.296 7.29-7.296z"
                      />
                    </svg>
                  </Tick>
                  <div
                    className="content"
                  >
                    <em>
                      Really good for this
                    </em>
                     in some truly amazing ways
                  </div>
                </div>
              </BenefitItem>
            </div>
          </BenefitList>
        </div>
      </div>
    </Section>
    <Section
      white={true}
    >
      <div
        className="outer white"
      >
        <div
          className="inner"
        >
          <h2>
            Works well with
          </h2>
          <p>
            What a great description of this product. This is a paragraph of text made to emulate a more detailed description of the item being promoted. It is really good if you take the time to check it out.
          </p>
          <SupportList>
            <div
              className="outer"
            >
              <SupportItem
                extra="Adhesive only"
                image={
                  Object {
                    "alt": "A bandage.",
                    "src": "http://res.publicdomainfiles.com/pdf_view/2/13491430814060.png",
                  }
                }
                name="Medical Bandages"
              >
                <div
                  className="outer"
                >
                  <div
                    className="imageWrapper"
                  >
                    <img
                      alt="A bandage."
                      className="image"
                      src="http://res.publicdomainfiles.com/pdf_view/2/13491430814060.png"
                    />
                  </div>
                  <div
                    className="name"
                  >
                    Medical Bandages
                  </div>
                  <div
                    className="extra"
                  >
                    Adhesive only
                  </div>
                </div>
              </SupportItem>
              <SupportItem
                extra="Adhesive only"
                image={
                  Object {
                    "alt": "A bandage.",
                    "src": "http://res.publicdomainfiles.com/pdf_view/2/13491430814060.png",
                  }
                }
                name="Medical Bandages"
              >
                <div
                  className="outer"
                >
                  <div
                    className="imageWrapper"
                  >
                    <img
                      alt="A bandage."
                      className="image"
                      src="http://res.publicdomainfiles.com/pdf_view/2/13491430814060.png"
                    />
                  </div>
                  <div
                    className="name"
                  >
                    Medical Bandages
                  </div>
                  <div
                    className="extra"
                  >
                    Adhesive only
                  </div>
                </div>
              </SupportItem>
              <SupportItem
                extra="Adhesive only"
                image={
                  Object {
                    "alt": "A bandage.",
                    "src": "http://res.publicdomainfiles.com/pdf_view/2/13491430814060.png",
                  }
                }
                name="Medical Bandages"
              >
                <div
                  className="outer"
                >
                  <div
                    className="imageWrapper"
                  >
                    <img
                      alt="A bandage."
                      className="image"
                      src="http://res.publicdomainfiles.com/pdf_view/2/13491430814060.png"
                    />
                  </div>
                  <div
                    className="name"
                  >
                    Medical Bandages
                  </div>
                  <div
                    className="extra"
                  >
                    Adhesive only
                  </div>
                </div>
              </SupportItem>
              <SupportItem
                extra="Adhesive only"
                image={
                  Object {
                    "alt": "A bandage.",
                    "src": "http://res.publicdomainfiles.com/pdf_view/2/13491430814060.png",
                  }
                }
                name="Medical Bandages"
              >
                <div
                  className="outer"
                >
                  <div
                    className="imageWrapper"
                  >
                    <img
                      alt="A bandage."
                      className="image"
                      src="http://res.publicdomainfiles.com/pdf_view/2/13491430814060.png"
                    />
                  </div>
                  <div
                    className="name"
                  >
                    Medical Bandages
                  </div>
                  <div
                    className="extra"
                  >
                    Adhesive only
                  </div>
                </div>
              </SupportItem>
              <SupportItem
                extra="Adhesive only"
                image={
                  Object {
                    "alt": "A bandage.",
                    "src": "http://res.publicdomainfiles.com/pdf_view/2/13491430814060.png",
                  }
                }
                name="Medical Bandages"
              >
                <div
                  className="outer"
                >
                  <div
                    className="imageWrapper"
                  >
                    <img
                      alt="A bandage."
                      className="image"
                      src="http://res.publicdomainfiles.com/pdf_view/2/13491430814060.png"
                    />
                  </div>
                  <div
                    className="name"
                  >
                    Medical Bandages
                  </div>
                  <div
                    className="extra"
                  >
                    Adhesive only
                  </div>
                </div>
              </SupportItem>
              <SupportItem
                extra="Adhesive only"
                image={
                  Object {
                    "alt": "A bandage.",
                    "src": "http://res.publicdomainfiles.com/pdf_view/2/13491430814060.png",
                  }
                }
                name="Medical Bandages"
              >
                <div
                  className="outer"
                >
                  <div
                    className="imageWrapper"
                  >
                    <img
                      alt="A bandage."
                      className="image"
                      src="http://res.publicdomainfiles.com/pdf_view/2/13491430814060.png"
                    />
                  </div>
                  <div
                    className="name"
                  >
                    Medical Bandages
                  </div>
                  <div
                    className="extra"
                  >
                    Adhesive only
                  </div>
                </div>
              </SupportItem>
              <SupportItem
                extra="Adhesive only"
                image={
                  Object {
                    "alt": "A bandage.",
                    "src": "http://res.publicdomainfiles.com/pdf_view/2/13491430814060.png",
                  }
                }
                name="Medical Bandages"
              >
                <div
                  className="outer"
                >
                  <div
                    className="imageWrapper"
                  >
                    <img
                      alt="A bandage."
                      className="image"
                      src="http://res.publicdomainfiles.com/pdf_view/2/13491430814060.png"
                    />
                  </div>
                  <div
                    className="name"
                  >
                    Medical Bandages
                  </div>
                  <div
                    className="extra"
                  >
                    Adhesive only
                  </div>
                </div>
              </SupportItem>
              <SupportItem
                extra="Adhesive only"
                image={
                  Object {
                    "alt": "A bandage.",
                    "src": "http://res.publicdomainfiles.com/pdf_view/2/13491430814060.png",
                  }
                }
                name="Medical Bandages"
              >
                <div
                  className="outer"
                >
                  <div
                    className="imageWrapper"
                  >
                    <img
                      alt="A bandage."
                      className="image"
                      src="http://res.publicdomainfiles.com/pdf_view/2/13491430814060.png"
                    />
                  </div>
                  <div
                    className="name"
                  >
                    Medical Bandages
                  </div>
                  <div
                    className="extra"
                  >
                    Adhesive only
                  </div>
                </div>
              </SupportItem>
              <SupportItem
                extra="Adhesive only"
                image={
                  Object {
                    "alt": "A bandage.",
                    "src": "http://res.publicdomainfiles.com/pdf_view/2/13491430814060.png",
                  }
                }
                name="Medical Bandages"
              >
                <div
                  className="outer"
                >
                  <div
                    className="imageWrapper"
                  >
                    <img
                      alt="A bandage."
                      className="image"
                      src="http://res.publicdomainfiles.com/pdf_view/2/13491430814060.png"
                    />
                  </div>
                  <div
                    className="name"
                  >
                    Medical Bandages
                  </div>
                  <div
                    className="extra"
                  >
                    Adhesive only
                  </div>
                </div>
              </SupportItem>
              <SupportItem
                extra="Adhesive only"
                image={
                  Object {
                    "alt": "A bandage.",
                    "src": "http://res.publicdomainfiles.com/pdf_view/2/13491430814060.png",
                  }
                }
                name="Medical Bandages"
              >
                <div
                  className="outer"
                >
                  <div
                    className="imageWrapper"
                  >
                    <img
                      alt="A bandage."
                      className="image"
                      src="http://res.publicdomainfiles.com/pdf_view/2/13491430814060.png"
                    />
                  </div>
                  <div
                    className="name"
                  >
                    Medical Bandages
                  </div>
                  <div
                    className="extra"
                  >
                    Adhesive only
                  </div>
                </div>
              </SupportItem>
            </div>
          </SupportList>
        </div>
      </div>
    </Section>
    <Section
      white={false}
    >
      <div
        className="outer"
      >
        <div
          className="inner"
        >
          <VideoDisplay
            youtubeId="iYuXzohJUFE"
          >
            <div
              className="outer"
            >
              <div
                className="videoWrapper"
              >
                <YouTube
                  className="youtube"
                  containerClassName=""
                  id={null}
                  onEnd={[Function]}
                  onError={[Function]}
                  onPause={[Function]}
                  onPlay={[Function]}
                  onPlaybackQualityChange={[Function]}
                  onPlaybackRateChange={[Function]}
                  onReady={[Function]}
                  onStateChange={[Function]}
                  opts={
                    Object {
                      "playerVars": Object {
                        "color": "white",
                        "rel": 0,
                        "showinfo": 0,
                      },
                    }
                  }
                  videoId="iYuXzohJUFE"
                >
                  <span
                    className=""
                  >
                    <div
                      className="youtube"
                      id={null}
                    />
                  </span>
                </YouTube>
              </div>
              <div
                className="children"
              >
                <h2>
                  Heading about the video
                </h2>
                <p>
                  This is a paragraph of text made to emulate a quick description of the item being promoted.
                </p>
                <p>
                  This is a paragraph of text made to emulate a quick description of the item being promoted.
                </p>
              </div>
            </div>
          </VideoDisplay>
        </div>
      </div>
    </Section>
    <Section
      white={true}
    >
      <div
        className="outer white"
      >
        <div
          className="inner"
        >
          <ImageDisplay
            image={
              Object {
                "alt": "A bandage.",
                "src": "http://res.publicdomainfiles.com/pdf_view/2/13491430814060.png",
              }
            }
          >
            <div
              className="outer"
            >
              <div
                className="children"
              >
                <h2>
                  Heading about the image
                </h2>
                <p>
                  This is a paragraph of text made to emulate a quick description of the item being promoted.
                </p>
                <p>
                  This is a paragraph of text made to emulate a quick description of the item being promoted.
                </p>
                <p>
                  This is a paragraph of text made to emulate a quick description of the item being promoted.
                </p>
              </div>
              <div
                className="imageWrapper"
              >
                <img
                  alt="A bandage."
                  className="image"
                  src="http://res.publicdomainfiles.com/pdf_view/2/13491430814060.png"
                />
              </div>
            </div>
          </ImageDisplay>
        </div>
      </div>
    </Section>
    <Footer
      header="Ready for this product?"
    >
      <div
        className="outer"
      >
        <h2
          className="header"
        >
          Ready for this product?
        </h2>
        <div
          className="content"
        >
          <p>
            This product will change everything.
          </p>
          <Button
            buttonProps={Object {}}
            color="teal"
            disabled={false}
            icon=""
            keyline={false}
            large={true}
            link={false}
            newWindow={false}
            onClick={[Function]}
            squared={false}
            submit={false}
            withRouter={false}
          >
            <div
              className="buttonContainer large"
            >
              <InnerButton
                buttonProps={Object {}}
                className="button teal"
                newWindow={false}
                onClick={[Function]}
                submit={false}
                withRouter={false}
              >
                <button
                  className="button teal"
                  onClick={[Function]}
                  type="button"
                >
                  <div
                    className="content"
                  >
                    Activate now
                  </div>
                </button>
              </InnerButton>
            </div>
          </Button>
          <Button
            buttonProps={Object {}}
            color="white"
            disabled={false}
            icon=""
            keyline={true}
            large={true}
            link={false}
            newWindow={false}
            onClick={[Function]}
            squared={false}
            submit={false}
            withRouter={false}
          >
            <div
              className="buttonContainer large"
            >
              <InnerButton
                buttonProps={Object {}}
                className="button white keyline"
                newWindow={false}
                onClick={[Function]}
                submit={false}
                withRouter={false}
              >
                <button
                  className="button white keyline"
                  onClick={[Function]}
                  type="button"
                >
                  <div
                    className="content"
                  >
                    Find out more
                  </div>
                </button>
              </InnerButton>
            </div>
          </Button>
        </div>
      </div>
    </Footer>
  </div>
</PromoDemo>
`;
