// Jest Snapshot v1, https://goo.gl/fbAQLP

exports[`<BenefitList /> rendered correctly with a fixture 1`] = `
<BenefitList>
  <div
    className="outer"
  >
    <BenefitItem>
      <div
        className="outer"
      >
        <Tick
          className="tick"
          fill="currentColor"
          height={32}
          width={32}
        />
        <div
          className="content"
        >
          <em>
            Really good for this
          </em>
           in some truly amazing ways
        </div>
      </div>
    </BenefitItem>
    <BenefitItem>
      <div
        className="outer"
      >
        <Tick
          className="tick"
          fill="currentColor"
          height={32}
          width={32}
        />
        <div
          className="content"
        >
          <em>
            Really good for this
          </em>
           in some truly amazing ways
        </div>
      </div>
    </BenefitItem>
    <BenefitItem>
      <div
        className="outer"
      >
        <Tick
          className="tick"
          fill="currentColor"
          height={32}
          width={32}
        />
        <div
          className="content"
        >
          <em>
            Really good for this
          </em>
           in some truly amazing ways
        </div>
      </div>
    </BenefitItem>
    <BenefitItem>
      <div
        className="outer"
      >
        <Tick
          className="tick"
          fill="currentColor"
          height={32}
          width={32}
        />
        <div
          className="content"
        >
          <em>
            Really good for this
          </em>
           in some truly amazing ways
        </div>
      </div>
    </BenefitItem>
    <BenefitItem>
      <div
        className="outer"
      >
        <Tick
          className="tick"
          fill="currentColor"
          height={32}
          width={32}
        />
        <div
          className="content"
        >
          <em>
            Really good for this
          </em>
           in some truly amazing ways
        </div>
      </div>
    </BenefitItem>
    <BenefitItem>
      <div
        className="outer"
      >
        <Tick
          className="tick"
          fill="currentColor"
          height={32}
          width={32}
        />
        <div
          className="content"
        >
          <em>
            Really good for this
          </em>
           in some truly amazing ways
        </div>
      </div>
    </BenefitItem>
    <BenefitItem>
      <div
        className="outer"
      >
        <Tick
          className="tick"
          fill="currentColor"
          height={32}
          width={32}
        />
        <div
          className="content"
        >
          <em>
            Really good for this
          </em>
           in some truly amazing ways
        </div>
      </div>
    </BenefitItem>
  </div>
</BenefitList>
`;
