// Jest Snapshot v1, https://goo.gl/fbAQLP

exports[`<Radio /> rendered correctly with error fixture 1`] = `
<Radio
  error="That selection wasn't great"
  id="demo"
  inline={false}
  name="demo"
  onChange={[Function]}
  options={
    Array [
      Object {
        "label": "Option 1",
        "value": "1",
      },
      Object {
        "label": "Option 2",
        "value": "2",
      },
      Object {
        "label": "Option 3",
        "value": "3",
      },
    ]
  }
  value="1"
>
  <div
    className="outer"
    id="demo"
  >
    <div
      className="options"
    >
      <RadioOption
        key="1"
        name="demo"
        onClick={[Function]}
        option={
          Object {
            "label": "Option 1",
            "value": "1",
          }
        }
        value="1"
      >
        <div
          className="option selected"
          onClick={[Function]}
        >
          <input
            checked={true}
            className="input"
            name="demo"
            onChange={[Function]}
            type="radio"
            value="1"
          />
          <RadioUnchecked
            className="icon empty"
            fill="currentColor"
            height={32}
            name="RadioUnchecked"
            width={32}
          >
            <svg
              className="icon empty"
              fill="currentColor"
              height={32}
              name="RadioUnchecked"
              viewBox="0 0 20 20"
              width={32}
            >
              <path
                d="M12.66.36l1.23.43 1.16.58 1.06.71.96.85.85.96.71 1.06.58 1.16.43 1.23.27 1.3L20 10l-.09 1.36-.27 1.3-.43 1.23-.58 1.16-.71 1.06-.85.96-.96.85-1.06.71-1.16.58-1.23.43-1.3.27L10 20l-1.36-.09-1.3-.27-1.23-.43-1.16-.58-1.06-.71-.96-.85-.85-.96-.71-1.06-.58-1.16-.43-1.23-.27-1.3L0 10l.09-1.36.27-1.3.43-1.23.58-1.16.71-1.06.85-.96.96-.85 1.06-.71L6.11.79 7.34.36l1.3-.27L10 0l1.36.09 1.3.27zM7.46 2.4l-1.15.49-1.04.65-.93.8-.8.93-.65 1.04-.49 1.15-.3 1.23-.11 1.29.11 1.3.3 1.23.49 1.14.65 1.05.8.93.93.8 1.04.65 1.15.48 1.23.31 1.29.1 1.3-.1 1.23-.31 1.14-.48 1.05-.65.93-.8.8-.93.65-1.05.48-1.14.31-1.23.1-1.3-.1-1.29-.31-1.23-.48-1.15-.65-1.04-.8-.93-.93-.8-1.05-.65-1.14-.49-1.23-.3-1.3-.11-1.29.11-1.23.3z"
              />
            </svg>
          </RadioUnchecked>
          <RadioChecked
            className="icon full"
            fill="currentColor"
            height={32}
            name="RadioChecked"
            width={32}
          >
            <svg
              className="icon full"
              fill="currentColor"
              height={32}
              name="RadioChecked"
              viewBox="0 0 20 20"
              width={32}
            >
              <path
                d="M12.66.36l1.23.43 1.16.58 1.06.71.96.85.85.96.71 1.06.58 1.16.43 1.23.27 1.3L20 10l-.09 1.36-.27 1.3-.43 1.23-.58 1.16-.71 1.06-.85.96-.96.85-1.06.71-1.16.58-1.23.43-1.3.27L10 20l-1.36-.09-1.3-.27-1.23-.43-1.16-.58-1.06-.71-.96-.85-.85-.96-.71-1.06-.58-1.16-.43-1.23-.27-1.3L0 10l.09-1.36.27-1.3.43-1.23.58-1.16.71-1.06.85-.96.96-.85 1.06-.71L6.11.79 7.34.36l1.3-.27L10 0l1.36.09 1.3.27zM7.64 6.77l-.87.87-.57 1.1L6 10l.2 1.26.57 1.1.87.87 1.1.57L10 14l1.26-.2 1.1-.57.87-.87.57-1.1L14 10l-.2-1.26-.57-1.1-.87-.87-1.1-.57L10 6l-1.26.2-1.1.57z"
              />
            </svg>
          </RadioChecked>
          <label
            className="tag"
          >
            Option 1
          </label>
        </div>
      </RadioOption>
      <RadioOption
        key="2"
        name="demo"
        onClick={[Function]}
        option={
          Object {
            "label": "Option 2",
            "value": "2",
          }
        }
        value="1"
      >
        <div
          className="option"
          onClick={[Function]}
        >
          <input
            checked={false}
            className="input"
            name="demo"
            onChange={[Function]}
            type="radio"
            value="2"
          />
          <RadioUnchecked
            className="icon empty"
            fill="currentColor"
            height={32}
            name="RadioUnchecked"
            width={32}
          >
            <svg
              className="icon empty"
              fill="currentColor"
              height={32}
              name="RadioUnchecked"
              viewBox="0 0 20 20"
              width={32}
            >
              <path
                d="M12.66.36l1.23.43 1.16.58 1.06.71.96.85.85.96.71 1.06.58 1.16.43 1.23.27 1.3L20 10l-.09 1.36-.27 1.3-.43 1.23-.58 1.16-.71 1.06-.85.96-.96.85-1.06.71-1.16.58-1.23.43-1.3.27L10 20l-1.36-.09-1.3-.27-1.23-.43-1.16-.58-1.06-.71-.96-.85-.85-.96-.71-1.06-.58-1.16-.43-1.23-.27-1.3L0 10l.09-1.36.27-1.3.43-1.23.58-1.16.71-1.06.85-.96.96-.85 1.06-.71L6.11.79 7.34.36l1.3-.27L10 0l1.36.09 1.3.27zM7.46 2.4l-1.15.49-1.04.65-.93.8-.8.93-.65 1.04-.49 1.15-.3 1.23-.11 1.29.11 1.3.3 1.23.49 1.14.65 1.05.8.93.93.8 1.04.65 1.15.48 1.23.31 1.29.1 1.3-.1 1.23-.31 1.14-.48 1.05-.65.93-.8.8-.93.65-1.05.48-1.14.31-1.23.1-1.3-.1-1.29-.31-1.23-.48-1.15-.65-1.04-.8-.93-.93-.8-1.05-.65-1.14-.49-1.23-.3-1.3-.11-1.29.11-1.23.3z"
              />
            </svg>
          </RadioUnchecked>
          <RadioChecked
            className="icon full"
            fill="currentColor"
            height={32}
            name="RadioChecked"
            width={32}
          >
            <svg
              className="icon full"
              fill="currentColor"
              height={32}
              name="RadioChecked"
              viewBox="0 0 20 20"
              width={32}
            >
              <path
                d="M12.66.36l1.23.43 1.16.58 1.06.71.96.85.85.96.71 1.06.58 1.16.43 1.23.27 1.3L20 10l-.09 1.36-.27 1.3-.43 1.23-.58 1.16-.71 1.06-.85.96-.96.85-1.06.71-1.16.58-1.23.43-1.3.27L10 20l-1.36-.09-1.3-.27-1.23-.43-1.16-.58-1.06-.71-.96-.85-.85-.96-.71-1.06-.58-1.16-.43-1.23-.27-1.3L0 10l.09-1.36.27-1.3.43-1.23.58-1.16.71-1.06.85-.96.96-.85 1.06-.71L6.11.79 7.34.36l1.3-.27L10 0l1.36.09 1.3.27zM7.64 6.77l-.87.87-.57 1.1L6 10l.2 1.26.57 1.1.87.87 1.1.57L10 14l1.26-.2 1.1-.57.87-.87.57-1.1L14 10l-.2-1.26-.57-1.1-.87-.87-1.1-.57L10 6l-1.26.2-1.1.57z"
              />
            </svg>
          </RadioChecked>
          <label
            className="tag"
          >
            Option 2
          </label>
        </div>
      </RadioOption>
      <RadioOption
        key="3"
        name="demo"
        onClick={[Function]}
        option={
          Object {
            "label": "Option 3",
            "value": "3",
          }
        }
        value="1"
      >
        <div
          className="option"
          onClick={[Function]}
        >
          <input
            checked={false}
            className="input"
            name="demo"
            onChange={[Function]}
            type="radio"
            value="3"
          />
          <RadioUnchecked
            className="icon empty"
            fill="currentColor"
            height={32}
            name="RadioUnchecked"
            width={32}
          >
            <svg
              className="icon empty"
              fill="currentColor"
              height={32}
              name="RadioUnchecked"
              viewBox="0 0 20 20"
              width={32}
            >
              <path
                d="M12.66.36l1.23.43 1.16.58 1.06.71.96.85.85.96.71 1.06.58 1.16.43 1.23.27 1.3L20 10l-.09 1.36-.27 1.3-.43 1.23-.58 1.16-.71 1.06-.85.96-.96.85-1.06.71-1.16.58-1.23.43-1.3.27L10 20l-1.36-.09-1.3-.27-1.23-.43-1.16-.58-1.06-.71-.96-.85-.85-.96-.71-1.06-.58-1.16-.43-1.23-.27-1.3L0 10l.09-1.36.27-1.3.43-1.23.58-1.16.71-1.06.85-.96.96-.85 1.06-.71L6.11.79 7.34.36l1.3-.27L10 0l1.36.09 1.3.27zM7.46 2.4l-1.15.49-1.04.65-.93.8-.8.93-.65 1.04-.49 1.15-.3 1.23-.11 1.29.11 1.3.3 1.23.49 1.14.65 1.05.8.93.93.8 1.04.65 1.15.48 1.23.31 1.29.1 1.3-.1 1.23-.31 1.14-.48 1.05-.65.93-.8.8-.93.65-1.05.48-1.14.31-1.23.1-1.3-.1-1.29-.31-1.23-.48-1.15-.65-1.04-.8-.93-.93-.8-1.05-.65-1.14-.49-1.23-.3-1.3-.11-1.29.11-1.23.3z"
              />
            </svg>
          </RadioUnchecked>
          <RadioChecked
            className="icon full"
            fill="currentColor"
            height={32}
            name="RadioChecked"
            width={32}
          >
            <svg
              className="icon full"
              fill="currentColor"
              height={32}
              name="RadioChecked"
              viewBox="0 0 20 20"
              width={32}
            >
              <path
                d="M12.66.36l1.23.43 1.16.58 1.06.71.96.85.85.96.71 1.06.58 1.16.43 1.23.27 1.3L20 10l-.09 1.36-.27 1.3-.43 1.23-.58 1.16-.71 1.06-.85.96-.96.85-1.06.71-1.16.58-1.23.43-1.3.27L10 20l-1.36-.09-1.3-.27-1.23-.43-1.16-.58-1.06-.71-.96-.85-.85-.96-.71-1.06-.58-1.16-.43-1.23-.27-1.3L0 10l.09-1.36.27-1.3.43-1.23.58-1.16.71-1.06.85-.96.96-.85 1.06-.71L6.11.79 7.34.36l1.3-.27L10 0l1.36.09 1.3.27zM7.64 6.77l-.87.87-.57 1.1L6 10l.2 1.26.57 1.1.87.87 1.1.57L10 14l1.26-.2 1.1-.57.87-.87.57-1.1L14 10l-.2-1.26-.57-1.1-.87-.87-1.1-.57L10 6l-1.26.2-1.1.57z"
              />
            </svg>
          </RadioChecked>
          <label
            className="tag"
          >
            Option 3
          </label>
        </div>
      </RadioOption>
    </div>
    <Label
      className="error"
      error={true}
    >
      <div
        className="label error"
      >
        <Alert
          className="icon"
          fill="currentColor"
          height={32}
          width={32}
        >
          <svg
            className="icon"
            fill="currentColor"
            height={32}
            viewBox="0 0 20 20"
            width={32}
          >
            <path
              d="M10.882 3.654l6.334 11.875A1 1 0 0 1 16.333 17H3.667a1 1 0 0 1-.883-1.47L9.118 3.653a1 1 0 0 1 1.764 0zM9.25 8v2.5a.75.75 0 0 0 1.5 0V8a.75.75 0 0 0-1.5 0zm.75 7a1 1 0 1 0 0-2 1 1 0 0 0 0 2z"
            />
          </svg>
        </Alert>
        <label>
          That selection wasn't great
        </label>
      </div>
    </Label>
  </div>
</Radio>
`;
