// Jest Snapshot v1, https://goo.gl/fbAQLP

exports[`<Radio /> rendered correctly with error fixture 1`] = `
<Radio
  error="That selection wasn't great"
  id="demo"
  inline={false}
  name="demo"
  onChange={[Function]}
  options={
    Array [
      Object {
        "label": "Option 1",
        "value": "1",
      },
      Object {
        "label": "Option 2",
        "value": "2",
      },
      Object {
        "label": "Option 3",
        "value": "3",
      },
    ]
  }
  value="1"
>
  <div
    className="outer"
    id="demo"
  >
    <div
      className="options"
    >
      <RadioOption
        key="1"
        name="demo"
        onClick={[Function]}
        option={
          Object {
            "label": "Option 1",
            "value": "1",
          }
        }
        value="1"
      />
      <RadioOption
        key="2"
        name="demo"
        onClick={[Function]}
        option={
          Object {
            "label": "Option 2",
            "value": "2",
          }
        }
        value="1"
      />
      <RadioOption
        key="3"
        name="demo"
        onClick={[Function]}
        option={
          Object {
            "label": "Option 3",
            "value": "3",
          }
        }
        value="1"
      />
    </div>
    <Label
      className="error"
      error={true}
    >
      <div
        className="label error"
      >
        <Alert
          className="icon"
          fill="currentColor"
          height={32}
          width={32}
        />
        <label>
          That selection wasn't great
        </label>
      </div>
    </Label>
  </div>
</Radio>
`;
