// Jest Snapshot v1, https://goo.gl/fbAQLP

exports[`<Radio /> rendered correctly with label fixture 1`] = `
<Radio
  error=""
  id="demo"
  inline={false}
  label="Select one"
  name="demo"
  onChange={[Function]}
  options={
    Array [
      Object {
        "label": "Option 1",
        "value": "1",
      },
      Object {
        "label": "Option 2",
        "value": "2",
      },
      Object {
        "label": "Option 3",
        "value": "3",
      },
    ]
  }
>
  <div
    className="outer"
    id="demo"
  >
    <Label
      className="label"
      error={false}
      htmlFor="demo"
    >
      <div
        className="label label"
      >
        <label
          htmlFor="demo"
        >
          Select one
        </label>
      </div>
    </Label>
    <div
      className="options"
    >
      <RadioOption
        key="1"
        name="demo"
        onClick={[Function]}
        option={
          Object {
            "label": "Option 1",
            "value": "1",
          }
        }
      />
      <RadioOption
        key="2"
        name="demo"
        onClick={[Function]}
        option={
          Object {
            "label": "Option 2",
            "value": "2",
          }
        }
      />
      <RadioOption
        key="3"
        name="demo"
        onClick={[Function]}
        option={
          Object {
            "label": "Option 3",
            "value": "3",
          }
        }
      />
    </div>
  </div>
</Radio>
`;
