// Jest Snapshot v1, https://goo.gl/fbAQLP

exports[`<PopoverDisplay /> rendered correctly with base fixture 1`] = `
<PopoverDisplay
  tooltip={true}
>
  <div
    className="popover tooltip"
    role="tooltip"
  >
    <div
      className="content tooltip"
    >
      I am a single-line tooltip
    </div>
  </div>
</PopoverDisplay>
`;

exports[`<PopoverDisplay /> rendered correctly with light fixture 1`] = `
<PopoverDisplay
  tooltip={true}
>
  <div
    className="popover tooltip"
    role="tooltip"
  >
    <div
      className="content tooltip"
    >
      I am a single-line tooltip
    </div>
  </div>
</PopoverDisplay>
`;

exports[`<PopoverDisplay /> rendered correctly with tooltip fixture 1`] = `
<PopoverDisplay
  tooltip={true}
>
  <div
    className="popover tooltip"
    role="tooltip"
  >
    <div
      className="content tooltip"
    >
      I am a single-line tooltip
    </div>
  </div>
</PopoverDisplay>
`;
