// Jest Snapshot v1, https://goo.gl/fbAQLP

exports[`<Content /> rendered correctly with Default fixture 1`] = `
<Content>
  <div
    className="outer"
  >
    <Paragraph>
      <p
        className="paragraph"
      >
        This container is intended for use as a wrapper for an entire page.
      </p>
    </Paragraph>
    <Paragraph>
      <p
        className="paragraph"
      >
        Lorem ipsum dolor sit amet, consectetur adipiscing elit, sed do eiusmod tempor incididunt ut labore et dolore magna aliqua. Ut enim ad minim veniam, quis nostrud exercitation ullamco laboris nisi ut aliquip ex ea commodo consequat. Duis aute irure dolor in reprehenderit in voluptate velit esse cillum dolore eu fugiat nulla pariatur. Excepteur sint occaecat cupidatat non proident, sunt in culpa qui officia deserunt mollit anim id est laborum.
      </p>
    </Paragraph>
    <Section>
      <div
        className="outer"
      >
        <Paragraph>
          <p
            className="paragraph"
          >
            Here's how a Section component renders within it. Try scaling the page to demonstrate the responsive behaviour of both in comparison.
          </p>
        </Paragraph>
        <Paragraph>
          <p
            className="paragraph"
          >
            Lorem ipsum dolor sit amet, consectetur adipiscing elit, sed do eiusmod tempor incididunt ut labore et dolore magna aliqua. Ut enim ad minim veniam, quis nostrud exercitation ullamco laboris nisi ut aliquip ex ea commodo consequat. Duis aute irure dolor in reprehenderit in voluptate velit esse cillum dolore eu fugiat nulla pariatur. Excepteur sint occaecat cupidatat non proident, sunt in culpa qui officia deserunt mollit anim id est laborum.
          </p>
        </Paragraph>
      </div>
    </Section>
  </div>
</Content>
`;
