// Jest Snapshot v1, https://goo.gl/fbAQLP

exports[`<Icon /> rendered correctly with Blue fixture 1`] = `
<Icon
  color="blue"
  name="Cross"
>
  <Cross
    className="icon blue"
    fill="currentColor"
    height={32}
    width={32}
  >
    <svg
      className="icon blue"
      fill="currentColor"
      height={32}
      viewBox="0 0 24 24"
      width={32}
    >
      <path
        d="M12 10.586l3.293-3.293a1 1 0 1 1 1.414 1.414L13.414 12l3.293 3.293a1 1 0 1 1-1.414 1.414L12 13.414l-3.293 3.293a1 1 0 1 1-1.414-1.414L10.586 12 7.293 8.707a1 1 0 1 1 1.414-1.414L12 10.586z"
      />
    </svg>
  </Cross>
</Icon>
`;
