// Jest Snapshot v1, https://goo.gl/fbAQLP

exports[`<EvenGrid /> rendered correctly with Default fixture 1`] = `
<EvenGrid>
  <div
    className="outer"
  >
    <div
      className="child"
      key="0/.0"
    >
      <CheckBox
        checked={false}
        disabled={false}
        error=""
        id="1"
        label="Checkbox 1"
        name="1"
        onChange={[Function]}
        special={false}
      />
    </div>
    <div
      className="child"
      key="1/.1"
    >
      <CheckBox
        checked={false}
        disabled={false}
        error=""
        id="2"
        label="Checkbox 2"
        name="2"
        onChange={[Function]}
        special={false}
      />
    </div>
    <div
      className="child"
      key="2/.2"
    >
      <CheckBox
        checked={false}
        disabled={false}
        error=""
        id="3"
        label="Checkbox 3"
        name="3"
        onChange={[Function]}
        special={false}
      />
    </div>
    <div
      className="child"
      key="3/.3"
    >
      <CheckBox
        checked={false}
        disabled={false}
        error=""
        id="4"
        label="Checkbox 4"
        name="4"
        onChange={[Function]}
        special={false}
      />
    </div>
    <div
      className="child"
      key="4/.4"
    >
      <CheckBox
        checked={false}
        disabled={false}
        error=""
        id="5"
        label="Checkbox 5"
        name="5"
        onChange={[Function]}
        special={false}
      />
    </div>
    <div
      className="child"
      key="5/.5"
    >
      <CheckBox
        checked={false}
        disabled={false}
        error=""
        id="6"
        label="Checkbox 6"
        name="6"
        onChange={[Function]}
        special={false}
      />
    </div>
    <div
      className="child"
      key="6/.6"
    >
      <CheckBox
        checked={false}
        disabled={false}
        error=""
        id="7"
        label="Checkbox 7"
        name="7"
        onChange={[Function]}
        special={false}
      />
    </div>
    <div
      className="child"
      key="7/.7"
    >
      <CheckBox
        checked={false}
        disabled={false}
        error=""
        id="8"
        label="Checkbox 8"
        name="8"
        onChange={[Function]}
        special={false}
      />
    </div>
    <div
      className="child"
      key="8/.8"
    >
      <CheckBox
        checked={false}
        disabled={false}
        error=""
        id="9"
        label="Checkbox 9"
        name="9"
        onChange={[Function]}
        special={false}
      />
    </div>
    <div
      className="child"
      key="9/.9"
    >
      <CheckBox
        checked={false}
        disabled={false}
        error=""
        id="10"
        label="Checkbox 10"
        name="10"
        onChange={[Function]}
        special={false}
      />
    </div>
  </div>
</EvenGrid>
`;
