// Jest Snapshot v1, https://goo.gl/fbAQLP

exports[`<PopUp /> rendered correctly with Default fixture 1`] = `
<PopUp
  modal={false}
  noPadding={false}
  onClose={[Function]}
  onOpen={[Function]}
  showing={true}
>
  <div
    className="outer showing"
  >
    <div
      className="overlay"
      onClick={[Function]}
    />
    <div
      className="popup popupWithPadding"
    >
      <Cross
        className="close"
        fill="currentColor"
        height={32}
        onClick={[Function]}
        width={32}
      >
        <svg
          className="close"
          fill="currentColor"
          height={32}
          onClick={[Function]}
          viewBox="0 0 24 24"
          width={32}
        >
          <path
            d="M12 10.586l3.293-3.293a1 1 0 1 1 1.414 1.414L13.414 12l3.293 3.293a1 1 0 1 1-1.414 1.414L12 13.414l-3.293 3.293a1 1 0 1 1-1.414-1.414L10.586 12 7.293 8.707a1 1 0 1 1 1.414-1.414L12 10.586z"
          />
        </svg>
      </Cross>
      <div>
        <Heading
          h1={false}
          h2={false}
          h3={true}
          h4={false}
          nav={false}
        >
          <h3
            className="heading h3"
          >
            Wow!
          </h3>
        </Heading>
        <Paragraph>
          <p
            className="paragraph"
          >
            What a story, Mark!
          </p>
        </Paragraph>
        <Paragraph>
          <p
            className="paragraph"
          >
            I cannot wait to hear more about all of it later.
          </p>
        </Paragraph>
        <Button
          buttonProps={Object {}}
          color="teal"
          disabled={false}
          icon=""
          keyline={false}
          link={false}
          newWindow={false}
          onClick={[Function]}
          squared={false}
          submit={false}
          withRouter={false}
        >
          <div
            className="buttonContainer"
          >
            <InnerButton
              buttonProps={Object {}}
              className="button teal"
              newWindow={false}
              onClick={[Function]}
              submit={false}
              withRouter={false}
            >
              <button
                className="button teal"
                onClick={[Function]}
                type="button"
              >
                <div
                  className="content"
                >
                  Useless button
                </div>
              </button>
            </InnerButton>
          </div>
        </Button>
      </div>
    </div>
  </div>
</PopUp>
`;
