// Jest Snapshot v1, https://goo.gl/fbAQLP

exports[`<PopUp /> rendered correctly with Loading fixture 1`] = `
<PopUp
  modal={false}
  noPadding={false}
  onClose={[Function]}
  onOpen={[Function]}
  showing={true}
>
  <div
    className="outer showing"
  >
    <div
      className="overlay"
      onClick={[Function]}
    />
    <div
      className="popup popupWithPadding"
    >
      <Cross
        className="close"
        fill="currentColor"
        height={32}
        onClick={[Function]}
        width={32}
      />
      <LoadingSpinner
        color="teal"
        fidget={false}
        ringColor="grey"
      />
    </div>
  </div>
</PopUp>
`;
